// Jest Snapshot v1, https://goo.gl/fbAQLP

exports[`CardContainer should match the snapshot with all the correct data passing through 1`] = `
<div
  className="card-container"
>
  <Card
    className="movie-card"
    data={
      Object {
        "characters": Array [
          undefined,
          undefined,
        ],
        "episode_id": 2,
        "opening_crawl": "There is unrest in the Galactic...",
        "release_date": "2002-05-16",
        "title": "Attack of the Clones",
      }
    }
    findCharacters={[MockFunction]}
    key="2"
  />
</div>
`;
