// Jest Snapshot v1, https://goo.gl/fbAQLP

exports[`Card should match snapshot with all the correct data passing through 1`] = `
<div
  className="card"
>
  <header
    className="card-header"
  >
    <h2>
       
      Attack of the Clones
       
    </h2>
  </header>
  <main
    className="card-main"
  >
    <ul>
      <li>
         
        <h3>
           Episode 
          2
        </h3>
      </li>
      <li>
        <h3>
           
          May 16 2002
           
        </h3>
      </li>
    </ul>
  </main>
  <footer>
    <Link
      className="btn"
      to="/movies/2"
    >
      <button
        onClick={[Function]}
      >
         View Characters 
      </button>
    </Link>
  </footer>
</div>
`;
